2025-12-19 13:39:11.101880: Initializing Simple ETL V3...
2025-12-19 13:39:11.102436: Reading Excel...
2025-12-19 13:39:11.703493: Rows: 1722
2025-12-19 13:39:11.703493: Columns: ['id', 'status', 'numero_cnj', 'pasta', 'observacao_pasta', 'cliente_principal_nome', 'cliente_principal_posicao', 'data_distribuicao', 'data_distribuicao_original', 'acao', 'natureza', 'orgao', 'titulo', 'procedimento', 'fase', 'uf', 'cidade', 'justica_cnj', 'instancia_cnj', 'classe_cnj', 'assuntos_cnj', 'comarca_foro', 'nome_vara_turma', 'uf_vara', 'objeto_nome', 'objeto_observacoes', 'valor_causa', 'valor_causa_original', 'valor_causa_atualizado', 'valor_causa_atualizado_original', 'valor_envolvido', 'valor_envolvido_original', 'valor_envolvido_atualizado', 'valor_envolvido_atualizado_original', 'contingencia', 'tipo_probabilidade_atual', 'risco', 'data_distribuicao_erro']
2025-12-19 13:39:11.704501: Entering App Context...
2025-12-19 13:39:11.704501: Starting Loop...
2025-12-19 13:39:12.410002: Imported 1: 0011467-69.1999.4.03.6182
2025-12-19 13:39:13.087171: Imported 2: 0016493-89.1999.8.26.0292
2025-12-19 13:39:13.763730: Imported 3: 0016494-74.1999.8.26.0292
2025-12-19 13:39:14.438797: Imported 4: 0016495-59.1999.8.26.0292
2025-12-19 13:39:15.115810: Imported 5: 0016496-44.1999.8.26.0292
2025-12-19 13:41:32.374507: Imported 200: 0503127-13.2005.8.26.0292
2025-12-19 13:43:54.899510: Imported 400: 0007146-51.2013.8.26.0127
2025-12-19 13:46:07.389469: Imported 600: 8092017
2025-12-19 13:48:19.917156: Imported 800: 0217547-29.2020.8.06.0001
2025-12-19 13:50:45.424529: Imported 1000: 5003506-57.2022.4.03.6126
2025-12-19 13:53:13.262568: Imported 1200: 0010098-38.2024.5.15.0009
2025-12-19 13:55:45.817634: Imported 1400: 1001415-31.2024.5.02.0211
2025-12-19 13:58:18.357244: Imported 1600: 1001996-19.2025.5.02.0241
2025-12-19 13:59:43.128344: Finished. Imported 1716, Skipped 6, Errors 0
